11:32:40 **** Incremental Build of configuration Debug for project _0-introduction_f4_spl ****
make -j4 all 
arm-none-eabi-gcc "../Src/main.c" -mcpu=cortex-m4 -std=gnu11 -g3 -DDEBUG -DSTM32 -DSTM32F4 -DSTM32F407VGTx -c -I../Inc -O0 -ffunction-sections -fdata-sections -Wall -fstack-usage -MMD -MP -MF"Src/main.d" -MT"Src/main.o" --specs=nano.specs -mfpu=fpv4-sp-d16 -mfloat-abi=hard -mthumb -o "Src/main.o"
arm-none-eabi-gcc "../Src/syscalls.c" -mcpu=cortex-m4 -std=gnu11 -g3 -DDEBUG -DSTM32 -DSTM32F4 -DSTM32F407VGTx -c -I../Inc -O0 -ffunction-sections -fdata-sections -Wall -fstack-usage -MMD -MP -MF"Src/syscalls.d" -MT"Src/syscalls.o" --specs=nano.specs -mfpu=fpv4-sp-d16 -mfloat-abi=hard -mthumb -o "Src/syscalls.o"
../Src/main.c:11:4: warning: #warning "FPU is not initialized, but the project is compiling for an FPU. Please initialize the FPU before use." [-Wcpp]
   11 |   #warning "FPU is not initialized, but the project is compiling for an FPU. Please initialize the FPU before use."
      |    ^~~~~~~
arm-none-eabi-g++ -o "_0-introduction_f4_spl.elf" @"objects.list"   -mcpu=cortex-m4 -T"D:\Main_Files\TEST-STM\_0-introduction_f4_spl\STM32F407VGTX_FLASH.ld" --specs=nosys.specs -Wl,-Map="_0-introduction_f4_spl.map" -Wl,--gc-sections -static --specs=nano.specs -mfpu=fpv4-sp-d16 -mfloat-abi=hard -mthumb -Wl,--start-group -lc -lm -lstdc++ -lsupc++ -Wl,--end-group
Finished building target: _0-introduction_f4_spl.elf
 
arm-none-eabi-size   _0-introduction_f4_spl.elf 
arm-none-eabi-objdump -h -S  _0-introduction_f4_spl.elf  > "_0-introduction_f4_spl.list"
   text	   data	    bss	    dec	    hex	filename
   3788	    108	   1588	   5484	   156c	_0-introduction_f4_spl.elf
Finished building: default.size.stdout
 
Finished building: _0-introduction_f4_spl.list
 

11:32:41 Build Finished. 0 errors, 1 warnings. (took 950ms)

