04:46:29 **** Incremental Build of configuration Debug for project _0-stm32f4xx_drivers ****
make -j4 all 
arm-none-eabi-gcc "../Src/main.c" -mcpu=cortex-m4 -std=gnu11 -g3 -DDEBUG -DSTM32 -DSTM32F4 -DSTM32F407VGTx -c -I../Inc -I"D:/Main_Files/TEST-STM/_0-stm32f4xx_drivers/drivers/inc" -O0 -ffunction-sections -fdata-sections -Wall -fstack-usage -MMD -MP -MF"Src/main.d" -MT"Src/main.o" --specs=nano.specs -mfpu=fpv4-sp-d16 -mfloat-abi=hard -mthumb -o "Src/main.o"
arm-none-eabi-gcc -o "_0-stm32f4xx_drivers.elf" @"objects.list"   -mcpu=cortex-m4 -T"D:\Main_Files\TEST-STM\_0-stm32f4xx_drivers\STM32F407VGTX_FLASH.ld" --specs=nosys.specs -Wl,-Map="_0-stm32f4xx_drivers.map" -Wl,--gc-sections -static --specs=nano.specs -mfpu=fpv4-sp-d16 -mfloat-abi=hard -mthumb -Wl,--start-group -lc -lm -Wl,--end-group
Finished building target: _0-stm32f4xx_drivers.elf
 
arm-none-eabi-size   _0-stm32f4xx_drivers.elf 
arm-none-eabi-objdump -h -S  _0-stm32f4xx_drivers.elf  > "_0-stm32f4xx_drivers.list"
   text	   data	    bss	    dec	    hex	filename
    684	      8	   1568	   2260	    8d4	_0-stm32f4xx_drivers.elf
Finished building: default.size.stdout
 
Finished building: _0-stm32f4xx_drivers.list
 
