22:32:09 **** Incremental Build of configuration Debug for project _0-driver_f4_general ****
make -j4 all 
arm-none-eabi-gcc "../driver/src/stm32f407xx_gpio_driver.c" -mcpu=cortex-m4 -std=gnu11 -g3 -DDEBUG -DSTM32 -DSTM32F4 -DSTM32F407VGTx -c -I../Inc -I"D:/Main_Files/TEST-STM/_0-driver_f4_general/driver/inc" -O0 -ffunction-sections -fdata-sections -Wall -fstack-usage -MMD -MP -MF"driver/src/stm32f407xx_gpio_driver.d" -MT"driver/src/stm32f407xx_gpio_driver.o" --specs=nano.specs -mfpu=fpv4-sp-d16 -mfloat-abi=hard -mthumb -o "driver/src/stm32f407xx_gpio_driver.o"
arm-none-eabi-gcc "../driver/src/stm32f407xx_i2c_driver.c" -mcpu=cortex-m4 -std=gnu11 -g3 -DDEBUG -DSTM32 -DSTM32F4 -DSTM32F407VGTx -c -I../Inc -I"D:/Main_Files/TEST-STM/_0-driver_f4_general/driver/inc" -O0 -ffunction-sections -fdata-sections -Wall -fstack-usage -MMD -MP -MF"driver/src/stm32f407xx_i2c_driver.d" -MT"driver/src/stm32f407xx_i2c_driver.o" --specs=nano.specs -mfpu=fpv4-sp-d16 -mfloat-abi=hard -mthumb -o "driver/src/stm32f407xx_i2c_driver.o"
arm-none-eabi-gcc "../driver/src/stm32f407xx_rcc_driver.c" -mcpu=cortex-m4 -std=gnu11 -g3 -DDEBUG -DSTM32 -DSTM32F4 -DSTM32F407VGTx -c -I../Inc -I"D:/Main_Files/TEST-STM/_0-driver_f4_general/driver/inc" -O0 -ffunction-sections -fdata-sections -Wall -fstack-usage -MMD -MP -MF"driver/src/stm32f407xx_rcc_driver.d" -MT"driver/src/stm32f407xx_rcc_driver.o" --specs=nano.specs -mfpu=fpv4-sp-d16 -mfloat-abi=hard -mthumb -o "driver/src/stm32f407xx_rcc_driver.o"
arm-none-eabi-gcc "../driver/src/stm32f407xx_spi_driver.c" -mcpu=cortex-m4 -std=gnu11 -g3 -DDEBUG -DSTM32 -DSTM32F4 -DSTM32F407VGTx -c -I../Inc -I"D:/Main_Files/TEST-STM/_0-driver_f4_general/driver/inc" -O0 -ffunction-sections -fdata-sections -Wall -fstack-usage -MMD -MP -MF"driver/src/stm32f407xx_spi_driver.d" -MT"driver/src/stm32f407xx_spi_driver.o" --specs=nano.specs -mfpu=fpv4-sp-d16 -mfloat-abi=hard -mthumb -o "driver/src/stm32f407xx_spi_driver.o"
arm-none-eabi-gcc "../driver/src/stm32f407xx_usart_driver.c" -mcpu=cortex-m4 -std=gnu11 -g3 -DDEBUG -DSTM32 -DSTM32F4 -DSTM32F407VGTx -c -I../Inc -I"D:/Main_Files/TEST-STM/_0-driver_f4_general/driver/inc" -O0 -ffunction-sections -fdata-sections -Wall -fstack-usage -MMD -MP -MF"driver/src/stm32f407xx_usart_driver.d" -MT"driver/src/stm32f407xx_usart_driver.o" --specs=nano.specs -mfpu=fpv4-sp-d16 -mfloat-abi=hard -mthumb -o "driver/src/stm32f407xx_usart_driver.o"
../driver/src/stm32f407xx_usart_driver.c: In function 'USART_IRQHandling':
../driver/src/stm32f407xx_usart_driver.c:619:26: warning: variable 'temp3' set but not used [-Wunused-but-set-variable]
  619 |  uint32_t temp1 , temp2, temp3;
      |                          ^~~~~
arm-none-eabi-gcc -o "_0-driver_f4_general.elf" @"objects.list"   -mcpu=cortex-m4 -T"D:\Main_Files\TEST-STM\_0-driver_f4_general\STM32F407VGTX_FLASH.ld" --specs=nosys.specs -Wl,-Map="_0-driver_f4_general.map" -Wl,--gc-sections -static --specs=nano.specs -mfpu=fpv4-sp-d16 -mfloat-abi=hard -mthumb -Wl,--start-group -lc -lm -Wl,--end-group
Finished building target: _0-driver_f4_general.elf
 
arm-none-eabi-size   _0-driver_f4_general.elf 
arm-none-eabi-objdump -h -S  _0-driver_f4_general.elf  > "_0-driver_f4_general.list"
   text	   data	    bss	    dec	    hex	filename
    676	      8	   1568	   2252	    8cc	_0-driver_f4_general.elf
Finished building: default.size.stdout
 
Finished building: _0-driver_f4_general.list
 
